2026-08-24 12:05:36,023 - MainThread - sqlmesh.core.config.connection - INFO - Creating new DuckDB adapter for data files: {'db/analytics.duckdb'} (connection.py:513)
2026-08-24 12:05:36,923 - MainThread - sqlmesh.core.config.connection - INFO - Using existing DuckDB adapter due to overlapping data file: db/analytics.duckdb (connection.py:503)
2026-08-24 12:05:37,041 - MainThread - sqlmesh.core.plan.evaluator - INFO - Evaluating plan stage PhysicalLayerSchemaCreationStage (evaluator.py:123)
2026-08-24 12:05:37,041 - MainThread - sqlmesh.core.snapshot.evaluator - INFO - Creating schema 'analytics.sqlmesh__sales_analytics' (evaluator.py:1468)
2026-08-24 12:05:37,044 - MainThread - sqlmesh.core.engine_adapter.base - INFO - Executing SQL: /* SQLMESH_PLAN: 8afa25205db04bcd9567c4926e91cc81 */ CREATE SCHEMA IF NOT EXISTS "analytics"."sqlmesh__sales_analytics" (base.py:2654)
2026-08-24 12:05:37,045 - MainThread - sqlmesh.core.plan.evaluator - INFO - Evaluating plan stage BackfillStage (evaluator.py:123)
2026-08-24 12:05:37,047 - MainThread - sqlmesh.core.snapshot.evaluator - INFO - Listing data objects in schema analytics.sqlmesh__sales_analytics (evaluator.py:1635)
2026-08-24 12:05:37,048 - MainThread - sqlmesh.core.engine_adapter.base - INFO - Executing SQL: /* SQLMESH_PLAN: 8afa25205db04bcd9567c4926e91cc81 */ SELECT CURRENT_CATALOG (base.py:2654)
2026-08-24 12:05:37,048 - MainThread - sqlmesh.core.engine_adapter.base - INFO - Executing SQL: /* SQLMESH_PLAN: 8afa25205db04bcd9567c4926e91cc81 */ SELECT CURRENT_CATALOG (base.py:2654)
2026-08-24 12:05:37,049 - MainThread - sqlmesh.core.engine_adapter.base - INFO - Executing SQL: /* SQLMESH_PLAN: 8afa25205db04bcd9567c4926e91cc81 */ SELECT table_name AS name, table_schema AS schema, CASE table_type WHEN 'BASE TABLE' THEN 'table' WHEN 'VIEW' THEN 'view' WHEN 'LOCAL TEMPORARY' THEN 'table' END AS type FROM system.information_schema.tables WHERE (table_catalog = 'analytics' AND table_schema = 'sqlmesh__sales_analytics') AND table_name IN ('sales_analytics__stg_transactions__1219982436') (base.py:2654)
2026-08-24 12:05:37,054 - MainThread - sqlmesh.core.snapshot.evaluator - INFO - Evaluating snapshot SnapshotId<"analytics"."sales_analytics"."stg_transactions": 2516370409> (evaluator.py:730)
2026-08-24 12:05:37,055 - MainThread - sqlmesh.core.snapshot.evaluator - INFO - Inserting data for snapshot SnapshotId<"analytics"."sales_analytics"."stg_transactions": 2516370409> (evaluator.py:971)
2026-08-24 12:05:37,061 - MainThread - sqlmesh.core.snapshot.evaluator - INFO - Inserting batch (2026-08-22 00:00:00, 2026-08-23 00:00:00) into analytics.sqlmesh__sales_analytics.sales_analytics__stg_transactions__1219982436' (evaluator.py:1003)
2026-08-24 12:05:37,063 - MainThread - sqlmesh.core.engine_adapter.base - INFO - Executing SQL: /* SQLMESH_PLAN: 8afa25205db04bcd9567c4926e91cc81 */ DELETE FROM "analytics"."sqlmesh__sales_analytics"."sales_analytics__stg_transactions__1219982436" WHERE "transaction_date" BETWEEN CAST('2026-08-22' AS DATE) AND CAST('2026-08-22' AS DATE) (base.py:2654)
2026-08-24 12:05:37,066 - MainThread - sqlmesh.core.engine_adapter.base - INFO - Executing SQL: /* SQLMESH_PLAN: 8afa25205db04bcd9567c4926e91cc81 */ INSERT INTO "analytics"."sqlmesh__sales_analytics"."sales_analytics__stg_transactions__1219982436" ("transaction_id", "customer_id", "transaction_date", "amount", "currency") SELECT "transaction_id", "customer_id", "transaction_date", "amount", "currency" FROM (SELECT CAST("transaction_id" AS INT) AS "transaction_id", CAST("customer_id" AS TEXT) AS "customer_id", CAST("transaction_date" AS DATE) AS "transaction_date", CAST("amount" AS DECIMAL(10, 2)) AS "amount", CAST("currency" AS TEXT) AS "currency" FROM READ_CSV_AUTO('sources/transactions/transactions_*.csv') AS "_0" WHERE "transaction_date" BETWEEN CAST('2026-08-22' AS DATE) AND CAST('2026-08-22' AS DATE)) AS "_subquery" WHERE "transaction_date" BETWEEN CAST('2026-08-22' AS DATE) AND CAST('2026-08-22' AS DATE) (base.py:2654)
2026-08-24 12:05:37,194 - MainThread - sqlmesh.core.state_sync.db.facade - INFO - Adding interval (2026-08-22 00:00:00, 2026-08-23 00:00:00) for snapshot SnapshotId<"analytics"."sales_analytics"."stg_transactions": 2516370409> (facade.py:639)
2026-08-24 12:05:37,194 - MainThread - sqlmesh.core.state_sync.db.interval - INFO - Pushing intervals for snapshot SnapshotId<"analytics"."sales_analytics"."stg_transactions": 2516370409> (interval.py:215)
2026-08-24 12:05:37,209 - MainThread - sqlmesh.core.plan.evaluator - INFO - Evaluating plan stage RestatementStage (evaluator.py:123)
2026-08-24 12:05:37,210 - MainThread - sqlmesh.core.plan.evaluator - INFO - Evaluating plan stage EnvironmentRecordUpdateStage (evaluator.py:123)
2026-08-24 12:05:37,210 - MainThread - sqlmesh.core.state_sync.db.facade - INFO - Promoting environment 'prod' (facade.py:167)
2026-08-24 12:05:37,222 - MainThread - sqlmesh.core.plan.evaluator - INFO - Evaluating plan stage FinalizeEnvironmentStage (evaluator.py:123)
2026-08-24 12:05:37,222 - MainThread - sqlmesh.core.state_sync.db.environment - INFO - Finalizing environment 'prod' (environment.py:141)
2026-08-24 12:05:37,248 - MainThread - root - INFO - Shutting down the event dispatcher (dispatcher.py:159)
