2026-08-24 11:32:19,868 - MainThread - sqlmesh.core.config.connection - INFO - Creating new DuckDB adapter for data files: {'db/analytics.duckdb'} (connection.py:513)
2026-08-24 11:32:20,461 - MainThread - sqlmesh.core.config.connection - INFO - Using existing DuckDB adapter due to overlapping data file: db/analytics.duckdb (connection.py:503)
2026-08-24 11:32:20,508 - MainThread - sqlmesh.core.plan.evaluator - INFO - Evaluating plan stage PhysicalLayerSchemaCreationStage (evaluator.py:123)
2026-08-24 11:32:20,511 - MainThread - sqlmesh.core.snapshot.evaluator - INFO - Creating schema 'analytics.sqlmesh__sales_analytics' (evaluator.py:1468)
2026-08-24 11:32:20,513 - MainThread - sqlmesh.core.engine_adapter.base - INFO - Executing SQL: /* SQLMESH_PLAN: eed24b6929ab4ac69824ca71685e0d0c */ CREATE SCHEMA IF NOT EXISTS "analytics"."sqlmesh__sales_analytics" (base.py:2654)
2026-08-24 11:32:20,514 - MainThread - sqlmesh.core.plan.evaluator - INFO - Evaluating plan stage BackfillStage (evaluator.py:123)
2026-08-24 11:32:20,515 - MainThread - sqlmesh.core.snapshot.evaluator - INFO - Listing data objects in schema analytics.sqlmesh__sales_analytics (evaluator.py:1635)
2026-08-24 11:32:20,515 - MainThread - sqlmesh.core.engine_adapter.base - INFO - Executing SQL: /* SQLMESH_PLAN: eed24b6929ab4ac69824ca71685e0d0c */ SELECT CURRENT_CATALOG (base.py:2654)
2026-08-24 11:32:20,516 - MainThread - sqlmesh.core.engine_adapter.base - INFO - Executing SQL: /* SQLMESH_PLAN: eed24b6929ab4ac69824ca71685e0d0c */ SELECT CURRENT_CATALOG (base.py:2654)
2026-08-24 11:32:20,517 - MainThread - sqlmesh.core.engine_adapter.base - INFO - Executing SQL: /* SQLMESH_PLAN: eed24b6929ab4ac69824ca71685e0d0c */ SELECT table_name AS name, table_schema AS schema, CASE table_type WHEN 'BASE TABLE' THEN 'table' WHEN 'VIEW' THEN 'view' WHEN 'LOCAL TEMPORARY' THEN 'table' END AS type FROM system.information_schema.tables WHERE (table_catalog = 'analytics' AND table_schema = 'sqlmesh__sales_analytics') AND table_name IN ('sales_analytics__stg_transactions__1219982436') (base.py:2654)
2026-08-24 11:32:20,522 - MainThread - sqlmesh.core.snapshot.evaluator - INFO - Evaluating snapshot SnapshotId<"analytics"."sales_analytics"."stg_transactions": 2516370409> (evaluator.py:730)
2026-08-24 11:32:20,523 - MainThread - sqlmesh.core.snapshot.evaluator - INFO - Inserting data for snapshot SnapshotId<"analytics"."sales_analytics"."stg_transactions": 2516370409> (evaluator.py:971)
2026-08-24 11:32:20,527 - MainThread - sqlmesh.core.snapshot.evaluator - INFO - Inserting batch (2026-08-18 00:00:00, 2026-08-19 00:00:00) into analytics.sqlmesh__sales_analytics.sales_analytics__stg_transactions__1219982436' (evaluator.py:1003)
2026-08-24 11:32:20,528 - MainThread - sqlmesh.core.engine_adapter.base - INFO - Executing SQL: /* SQLMESH_PLAN: eed24b6929ab4ac69824ca71685e0d0c */ DELETE FROM "analytics"."sqlmesh__sales_analytics"."sales_analytics__stg_transactions__1219982436" WHERE "transaction_date" BETWEEN CAST('2026-08-18' AS DATE) AND CAST('2026-08-18' AS DATE) (base.py:2654)
2026-08-24 11:32:20,530 - MainThread - sqlmesh.core.engine_adapter.base - INFO - Executing SQL: /* SQLMESH_PLAN: eed24b6929ab4ac69824ca71685e0d0c */ INSERT INTO "analytics"."sqlmesh__sales_analytics"."sales_analytics__stg_transactions__1219982436" ("transaction_id", "customer_id", "transaction_date", "amount", "currency") SELECT "transaction_id", "customer_id", "transaction_date", "amount", "currency" FROM (SELECT CAST("transaction_id" AS INT) AS "transaction_id", CAST("customer_id" AS TEXT) AS "customer_id", CAST("transaction_date" AS DATE) AS "transaction_date", CAST("amount" AS DECIMAL(10, 2)) AS "amount", CAST("currency" AS TEXT) AS "currency" FROM READ_CSV_AUTO('sources/transactions/transactions_*.csv') AS "_0" WHERE "transaction_date" BETWEEN CAST('2026-08-18' AS DATE) AND CAST('2026-08-18' AS DATE)) AS "_subquery" WHERE "transaction_date" BETWEEN CAST('2026-08-18' AS DATE) AND CAST('2026-08-18' AS DATE) (base.py:2654)
2026-08-24 11:32:20,545 - MainThread - sqlmesh.core.state_sync.db.facade - INFO - Adding interval (2026-08-18 00:00:00, 2026-08-19 00:00:00) for snapshot SnapshotId<"analytics"."sales_analytics"."stg_transactions": 2516370409> (facade.py:639)
2026-08-24 11:32:20,545 - MainThread - sqlmesh.core.state_sync.db.interval - INFO - Pushing intervals for snapshot SnapshotId<"analytics"."sales_analytics"."stg_transactions": 2516370409> (interval.py:215)
2026-08-24 11:32:20,559 - MainThread - sqlmesh.core.plan.evaluator - INFO - Evaluating plan stage RestatementStage (evaluator.py:123)
2026-08-24 11:32:20,561 - MainThread - sqlmesh.core.plan.evaluator - INFO - Evaluating plan stage EnvironmentRecordUpdateStage (evaluator.py:123)
2026-08-24 11:32:20,561 - MainThread - sqlmesh.core.state_sync.db.facade - INFO - Promoting environment 'prod' (facade.py:167)
2026-08-24 11:32:20,577 - MainThread - sqlmesh.core.plan.evaluator - INFO - Evaluating plan stage FinalizeEnvironmentStage (evaluator.py:123)
2026-08-24 11:32:20,577 - MainThread - sqlmesh.core.state_sync.db.environment - INFO - Finalizing environment 'prod' (environment.py:141)
2026-08-24 11:32:20,604 - MainThread - root - INFO - Shutting down the event dispatcher (dispatcher.py:159)
