2026-08-24 12:25:10,028 - MainThread - sqlmesh.core.config.connection - INFO - Creating new DuckDB adapter for data files: {'db/analytics.duckdb'} (connection.py:513)
2026-08-24 12:25:10,642 - MainThread - sqlmesh.core.config.connection - INFO - Using existing DuckDB adapter due to overlapping data file: db/analytics.duckdb (connection.py:503)
2026-08-24 12:25:10,716 - MainThread - sqlmesh.core.plan.evaluator - INFO - Evaluating plan stage PhysicalLayerSchemaCreationStage (evaluator.py:123)
2026-08-24 12:25:10,719 - MainThread - sqlmesh.core.snapshot.evaluator - INFO - Creating schema 'analytics.sqlmesh__sales_analytics' (evaluator.py:1468)
2026-08-24 12:25:10,722 - MainThread - sqlmesh.core.engine_adapter.base - INFO - Executing SQL: /* SQLMESH_PLAN: 3cd81fce51a341f5aebd278e55ba29f7 */ CREATE SCHEMA IF NOT EXISTS "analytics"."sqlmesh__sales_analytics" (base.py:2654)
2026-08-24 12:25:10,722 - MainThread - sqlmesh.core.plan.evaluator - INFO - Evaluating plan stage BackfillStage (evaluator.py:123)
2026-08-24 12:25:10,724 - MainThread - sqlmesh.core.snapshot.evaluator - INFO - Listing data objects in schema analytics.sqlmesh__sales_analytics (evaluator.py:1635)
2026-08-24 12:25:10,724 - MainThread - sqlmesh.core.engine_adapter.base - INFO - Executing SQL: /* SQLMESH_PLAN: 3cd81fce51a341f5aebd278e55ba29f7 */ SELECT CURRENT_CATALOG (base.py:2654)
2026-08-24 12:25:10,725 - MainThread - sqlmesh.core.engine_adapter.base - INFO - Executing SQL: /* SQLMESH_PLAN: 3cd81fce51a341f5aebd278e55ba29f7 */ SELECT CURRENT_CATALOG (base.py:2654)
2026-08-24 12:25:10,726 - MainThread - sqlmesh.core.engine_adapter.base - INFO - Executing SQL: /* SQLMESH_PLAN: 3cd81fce51a341f5aebd278e55ba29f7 */ SELECT table_name AS name, table_schema AS schema, CASE table_type WHEN 'BASE TABLE' THEN 'table' WHEN 'VIEW' THEN 'view' WHEN 'LOCAL TEMPORARY' THEN 'table' END AS type FROM system.information_schema.tables WHERE (table_catalog = 'analytics' AND table_schema = 'sqlmesh__sales_analytics') AND table_name IN ('sales_analytics__stg_transactions__3769116021') (base.py:2654)
2026-08-24 12:25:10,730 - MainThread - sqlmesh.core.snapshot.evaluator - INFO - Evaluating snapshot SnapshotId<"analytics"."sales_analytics"."stg_transactions": 2755928025> (evaluator.py:730)
2026-08-24 12:25:10,731 - MainThread - sqlmesh.core.snapshot.evaluator - INFO - Inserting data for snapshot SnapshotId<"analytics"."sales_analytics"."stg_transactions": 2755928025> (evaluator.py:971)
2026-08-24 12:25:10,736 - MainThread - sqlmesh.core.snapshot.evaluator - INFO - Inserting batch (2026-08-20 00:00:00, 2026-08-24 00:00:00) into analytics.sqlmesh__sales_analytics.sales_analytics__stg_transactions__3769116021' (evaluator.py:1003)
2026-08-24 12:25:10,737 - MainThread - sqlmesh.core.engine_adapter.base - INFO - Executing SQL: /* SQLMESH_PLAN: 3cd81fce51a341f5aebd278e55ba29f7 */ DELETE FROM "analytics"."sqlmesh__sales_analytics"."sales_analytics__stg_transactions__3769116021" WHERE "transaction_date" BETWEEN CAST('2026-08-20' AS DATE) AND CAST('2026-08-23' AS DATE) (base.py:2654)
2026-08-24 12:25:10,743 - MainThread - sqlmesh.core.engine_adapter.base - INFO - Executing SQL: /* SQLMESH_PLAN: 3cd81fce51a341f5aebd278e55ba29f7 */ INSERT INTO "analytics"."sqlmesh__sales_analytics"."sales_analytics__stg_transactions__3769116021" ("transaction_id", "customer_id", "transaction_date", "amount", "currency") SELECT "transaction_id", "customer_id", "transaction_date", "amount", "currency" FROM (SELECT CAST("transaction_id" AS INT) AS "transaction_id", CAST("customer_id" AS TEXT) AS "customer_id", CAST("transaction_date" AS DATE) AS "transaction_date", CAST("amount" AS DECIMAL(10, 2)) AS "amount", CAST("currency" AS TEXT) AS "currency" FROM READ_CSV_AUTO('sources/transactions/transactions_*.csv') AS "_0" WHERE CAST("transaction_date" AS DATE) BETWEEN CAST('2026-08-20' AS DATE) AND CAST('2026-08-23' AS DATE)) AS "_subquery" WHERE "transaction_date" BETWEEN CAST('2026-08-20' AS DATE) AND CAST('2026-08-23' AS DATE) (base.py:2654)
2026-08-24 12:25:10,779 - MainThread - sqlmesh.core.snapshot.evaluator - INFO - Auditing snapshot SnapshotId<"analytics"."sales_analytics"."stg_transactions": 2755928025> (evaluator.py:622)
2026-08-24 12:25:10,780 - MainThread - sqlmesh.core.engine_adapter.base - INFO - Executing SQL: /* SQLMESH_PLAN: 3cd81fce51a341f5aebd278e55ba29f7 */ DESCRIBE "analytics"."sqlmesh__sales_analytics"."sales_analytics__stg_transactions__3769116021" (base.py:2654)
2026-08-24 12:25:10,784 - MainThread - sqlmesh.core.engine_adapter.base - INFO - Executing SQL: /* SQLMESH_PLAN: 3cd81fce51a341f5aebd278e55ba29f7 */ SELECT COUNT(*) FROM (SELECT "transaction_id" AS "transaction_id", "customer_id" AS "customer_id", "amount" AS "amount" FROM (SELECT * FROM "analytics"."sqlmesh__sales_analytics"."sales_analytics__stg_transactions__3769116021" AS "sales_analytics__stg_transactions__3769116021" WHERE "transaction_date" BETWEEN CAST('2026-08-20' AS DATE) AND CAST('2026-08-23' AS DATE)) AS "_0" WHERE "amount" <= 0 OR "transaction_id" IS NULL OR "customer_id" IS NULL) AS "audit" (base.py:2654)
2026-08-24 12:25:10,785 - MainThread - sqlmesh.core.state_sync.db.facade - INFO - Adding interval (2026-08-20 00:00:00, 2026-08-24 00:00:00) for snapshot SnapshotId<"analytics"."sales_analytics"."stg_transactions": 2755928025> (facade.py:639)
2026-08-24 12:25:10,785 - MainThread - sqlmesh.core.state_sync.db.interval - INFO - Pushing intervals for snapshot SnapshotId<"analytics"."sales_analytics"."stg_transactions": 2755928025> (interval.py:215)
2026-08-24 12:25:10,800 - MainThread - sqlmesh.core.plan.evaluator - INFO - Evaluating plan stage RestatementStage (evaluator.py:123)
2026-08-24 12:25:10,801 - MainThread - sqlmesh.core.plan.evaluator - INFO - Evaluating plan stage EnvironmentRecordUpdateStage (evaluator.py:123)
2026-08-24 12:25:10,801 - MainThread - sqlmesh.core.state_sync.db.facade - INFO - Promoting environment 'prod' (facade.py:167)
2026-08-24 12:25:10,817 - MainThread - sqlmesh.core.plan.evaluator - INFO - Evaluating plan stage FinalizeEnvironmentStage (evaluator.py:123)
2026-08-24 12:25:10,817 - MainThread - sqlmesh.core.state_sync.db.environment - INFO - Finalizing environment 'prod' (environment.py:141)
2026-08-24 12:25:10,853 - MainThread - root - INFO - Shutting down the event dispatcher (dispatcher.py:159)
