2026-08-24 12:14:56,292 - MainThread - sqlmesh.core.config.connection - INFO - Creating new DuckDB adapter for data files: {'db/analytics.duckdb'} (connection.py:513)
2026-08-24 12:14:56,896 - MainThread - sqlmesh.core.config.connection - INFO - Using existing DuckDB adapter due to overlapping data file: db/analytics.duckdb (connection.py:503)
2026-08-24 12:14:57,232 - MainThread - sqlmesh.core.plan.evaluator - INFO - Evaluating plan stage PhysicalLayerSchemaCreationStage (evaluator.py:123)
2026-08-24 12:14:57,233 - MainThread - sqlmesh.core.snapshot.evaluator - INFO - Creating schema 'analytics.sqlmesh__sales_analytics' (evaluator.py:1468)
2026-08-24 12:14:57,234 - MainThread - sqlmesh.core.engine_adapter.base - INFO - Executing SQL: /* SQLMESH_PLAN: 2f965a0b67a441b2bd3a2a9249207d14 */ CREATE SCHEMA IF NOT EXISTS "analytics"."sqlmesh__sales_analytics" (base.py:2654)
2026-08-24 12:14:57,234 - MainThread - sqlmesh.core.plan.evaluator - INFO - Evaluating plan stage BackfillStage (evaluator.py:123)
2026-08-24 12:14:57,235 - MainThread - sqlmesh.core.snapshot.evaluator - INFO - Listing data objects in schema analytics.sqlmesh__sales_analytics (evaluator.py:1635)
2026-08-24 12:14:57,235 - MainThread - sqlmesh.core.engine_adapter.base - INFO - Executing SQL: /* SQLMESH_PLAN: 2f965a0b67a441b2bd3a2a9249207d14 */ SELECT CURRENT_CATALOG (base.py:2654)
2026-08-24 12:14:57,236 - MainThread - sqlmesh.core.engine_adapter.base - INFO - Executing SQL: /* SQLMESH_PLAN: 2f965a0b67a441b2bd3a2a9249207d14 */ SELECT CURRENT_CATALOG (base.py:2654)
2026-08-24 12:14:57,237 - MainThread - sqlmesh.core.engine_adapter.base - INFO - Executing SQL: /* SQLMESH_PLAN: 2f965a0b67a441b2bd3a2a9249207d14 */ SELECT table_name AS name, table_schema AS schema, CASE table_type WHEN 'BASE TABLE' THEN 'table' WHEN 'VIEW' THEN 'view' WHEN 'LOCAL TEMPORARY' THEN 'table' END AS type FROM system.information_schema.tables WHERE (table_catalog = 'analytics' AND table_schema = 'sqlmesh__sales_analytics') AND table_name IN ('sales_analytics__stg_transactions__3769116021') (base.py:2654)
2026-08-24 12:14:57,240 - MainThread - sqlmesh.core.snapshot.evaluator - INFO - Evaluating snapshot SnapshotId<"analytics"."sales_analytics"."stg_transactions": 2755928025> (evaluator.py:730)
2026-08-24 12:14:57,241 - MainThread - sqlmesh.core.snapshot.evaluator - INFO - Inserting data for snapshot SnapshotId<"analytics"."sales_analytics"."stg_transactions": 2755928025> (evaluator.py:971)
2026-08-24 12:14:57,246 - MainThread - sqlmesh.core.snapshot.evaluator - INFO - Inserting batch (2026-08-17 00:00:00, 2026-08-24 00:00:00) into analytics.sqlmesh__sales_analytics.sales_analytics__stg_transactions__3769116021' (evaluator.py:1003)
2026-08-24 12:14:57,247 - MainThread - sqlmesh.core.engine_adapter.base - INFO - Executing SQL: /* SQLMESH_PLAN: 2f965a0b67a441b2bd3a2a9249207d14 */ DELETE FROM "analytics"."sqlmesh__sales_analytics"."sales_analytics__stg_transactions__3769116021" WHERE "transaction_date" BETWEEN CAST('2026-08-17' AS DATE) AND CAST('2026-08-23' AS DATE) (base.py:2654)
2026-08-24 12:14:57,252 - MainThread - sqlmesh.core.engine_adapter.base - INFO - Executing SQL: /* SQLMESH_PLAN: 2f965a0b67a441b2bd3a2a9249207d14 */ INSERT INTO "analytics"."sqlmesh__sales_analytics"."sales_analytics__stg_transactions__3769116021" ("transaction_id", "customer_id", "transaction_date", "amount", "currency") SELECT "transaction_id", "customer_id", "transaction_date", "amount", "currency" FROM (SELECT CAST("transaction_id" AS INT) AS "transaction_id", CAST("customer_id" AS TEXT) AS "customer_id", CAST("transaction_date" AS DATE) AS "transaction_date", CAST("amount" AS DECIMAL(10, 2)) AS "amount", CAST("currency" AS TEXT) AS "currency" FROM READ_CSV_AUTO('sources/transactions/transactions_*.csv') AS "_0" WHERE CAST("transaction_date" AS DATE) BETWEEN CAST('2026-08-17' AS DATE) AND CAST('2026-08-23' AS DATE)) AS "_subquery" WHERE "transaction_date" BETWEEN CAST('2026-08-17' AS DATE) AND CAST('2026-08-23' AS DATE) (base.py:2654)
2026-08-24 12:14:57,280 - MainThread - sqlmesh.core.snapshot.evaluator - INFO - Auditing snapshot SnapshotId<"analytics"."sales_analytics"."stg_transactions": 2755928025> (evaluator.py:622)
2026-08-24 12:14:57,280 - MainThread - sqlmesh.core.engine_adapter.base - INFO - Executing SQL: /* SQLMESH_PLAN: 2f965a0b67a441b2bd3a2a9249207d14 */ DESCRIBE "analytics"."sqlmesh__sales_analytics"."sales_analytics__stg_transactions__3769116021" (base.py:2654)
2026-08-24 12:14:57,284 - MainThread - sqlmesh.core.engine_adapter.base - INFO - Executing SQL: /* SQLMESH_PLAN: 2f965a0b67a441b2bd3a2a9249207d14 */ SELECT COUNT(*) FROM (SELECT "transaction_id" AS "transaction_id", "customer_id" AS "customer_id", "amount" AS "amount" FROM (SELECT * FROM "analytics"."sqlmesh__sales_analytics"."sales_analytics__stg_transactions__3769116021" AS "sales_analytics__stg_transactions__3769116021" WHERE "transaction_date" BETWEEN CAST('2026-08-17' AS DATE) AND CAST('2026-08-23' AS DATE)) AS "_0" WHERE "amount" <= 0 OR "transaction_id" IS NULL OR "customer_id" IS NULL) AS "audit" (base.py:2654)
2026-08-24 12:14:57,286 - MainThread - sqlmesh.core.state_sync.db.facade - INFO - Adding interval (2026-08-17 00:00:00, 2026-08-24 00:00:00) for snapshot SnapshotId<"analytics"."sales_analytics"."stg_transactions": 2755928025> (facade.py:639)
2026-08-24 12:14:57,286 - MainThread - sqlmesh.core.state_sync.db.interval - INFO - Pushing intervals for snapshot SnapshotId<"analytics"."sales_analytics"."stg_transactions": 2755928025> (interval.py:215)
2026-08-24 12:14:57,300 - MainThread - sqlmesh.core.plan.evaluator - INFO - Evaluating plan stage EnvironmentRecordUpdateStage (evaluator.py:123)
2026-08-24 12:14:57,300 - MainThread - sqlmesh.core.state_sync.db.facade - INFO - Promoting environment 'prod' (facade.py:167)
2026-08-24 12:14:57,315 - MainThread - sqlmesh.core.plan.evaluator - INFO - Evaluating plan stage UnpauseStage (evaluator.py:123)
2026-08-24 12:14:57,318 - MainThread - sqlmesh.core.plan.evaluator - INFO - Evaluating plan stage VirtualLayerUpdateStage (evaluator.py:123)
2026-08-24 12:14:57,320 - MainThread - sqlmesh.core.snapshot.evaluator - INFO - Creating schema 'analytics.sales_analytics' (evaluator.py:1468)
2026-08-24 12:14:57,320 - MainThread - sqlmesh.core.engine_adapter.base - INFO - Executing SQL: /* SQLMESH_PLAN: 2f965a0b67a441b2bd3a2a9249207d14 */ CREATE SCHEMA IF NOT EXISTS "analytics"."sales_analytics" (base.py:2654)
2026-08-24 12:14:57,321 - MainThread - sqlmesh.core.snapshot.evaluator - INFO - Listing data objects in schema analytics.sales_analytics (evaluator.py:1635)
2026-08-24 12:14:57,321 - MainThread - sqlmesh.core.engine_adapter.base - INFO - Executing SQL: /* SQLMESH_PLAN: 2f965a0b67a441b2bd3a2a9249207d14 */ SELECT CURRENT_CATALOG (base.py:2654)
2026-08-24 12:14:57,321 - MainThread - sqlmesh.core.engine_adapter.base - INFO - Executing SQL: /* SQLMESH_PLAN: 2f965a0b67a441b2bd3a2a9249207d14 */ SELECT CURRENT_CATALOG (base.py:2654)
2026-08-24 12:14:57,322 - MainThread - sqlmesh.core.engine_adapter.base - INFO - Executing SQL: /* SQLMESH_PLAN: 2f965a0b67a441b2bd3a2a9249207d14 */ SELECT table_name AS name, table_schema AS schema, CASE table_type WHEN 'BASE TABLE' THEN 'table' WHEN 'VIEW' THEN 'view' WHEN 'LOCAL TEMPORARY' THEN 'table' END AS type FROM system.information_schema.tables WHERE (table_catalog = 'analytics' AND table_schema = 'sales_analytics') AND table_name IN ('stg_transactions') (base.py:2654)
2026-08-24 12:14:57,325 - MainThread - sqlmesh.core.snapshot.evaluator - INFO - Updating view 'analytics.sales_analytics.stg_transactions' to point at table 'analytics.sqlmesh__sales_analytics.sales_analytics__stg_transactions__3769116021' (evaluator.py:2007)
2026-08-24 12:14:57,326 - MainThread - sqlmesh.core.engine_adapter.base - INFO - Executing SQL: /* SQLMESH_PLAN: 2f965a0b67a441b2bd3a2a9249207d14 */ CREATE OR REPLACE VIEW "analytics"."sales_analytics"."stg_transactions" AS SELECT * FROM "analytics"."sqlmesh__sales_analytics"."sales_analytics__stg_transactions__3769116021" (base.py:2654)
2026-08-24 12:14:57,330 - MainThread - sqlmesh.core.plan.evaluator - INFO - Evaluating plan stage FinalizeEnvironmentStage (evaluator.py:123)
2026-08-24 12:14:57,330 - MainThread - sqlmesh.core.state_sync.db.environment - INFO - Finalizing environment 'prod' (environment.py:141)
2026-08-24 12:14:57,355 - MainThread - root - INFO - Shutting down the event dispatcher (dispatcher.py:159)
