2026-08-24 11:41:24,651 - MainThread - sqlmesh.core.config.connection - INFO - Creating new DuckDB adapter for data files: {'db/analytics.duckdb'} (connection.py:513)
2026-08-24 11:41:25,239 - MainThread - sqlmesh.core.config.connection - INFO - Using existing DuckDB adapter due to overlapping data file: db/analytics.duckdb (connection.py:503)
2026-08-24 11:41:27,037 - MainThread - sqlmesh.core.plan.evaluator - INFO - Evaluating plan stage PhysicalLayerSchemaCreationStage (evaluator.py:123)
2026-08-24 11:41:27,040 - MainThread - sqlmesh.core.snapshot.evaluator - INFO - Creating schema 'analytics.sqlmesh__sales_analytics' (evaluator.py:1468)
2026-08-24 11:41:27,043 - MainThread - sqlmesh.core.engine_adapter.base - INFO - Executing SQL: /* SQLMESH_PLAN: 2a921187ac2d4015871d44ecce524ebf */ CREATE SCHEMA IF NOT EXISTS "analytics"."sqlmesh__sales_analytics" (base.py:2654)
2026-08-24 11:41:27,043 - MainThread - sqlmesh.core.plan.evaluator - INFO - Evaluating plan stage BackfillStage (evaluator.py:123)
2026-08-24 11:41:27,045 - MainThread - sqlmesh.core.snapshot.evaluator - INFO - Listing data objects in schema analytics.sqlmesh__sales_analytics (evaluator.py:1635)
2026-08-24 11:41:27,045 - MainThread - sqlmesh.core.engine_adapter.base - INFO - Executing SQL: /* SQLMESH_PLAN: 2a921187ac2d4015871d44ecce524ebf */ SELECT CURRENT_CATALOG (base.py:2654)
2026-08-24 11:41:27,046 - MainThread - sqlmesh.core.engine_adapter.base - INFO - Executing SQL: /* SQLMESH_PLAN: 2a921187ac2d4015871d44ecce524ebf */ SELECT CURRENT_CATALOG (base.py:2654)
2026-08-24 11:41:27,047 - MainThread - sqlmesh.core.engine_adapter.base - INFO - Executing SQL: /* SQLMESH_PLAN: 2a921187ac2d4015871d44ecce524ebf */ SELECT table_name AS name, table_schema AS schema, CASE table_type WHEN 'BASE TABLE' THEN 'table' WHEN 'VIEW' THEN 'view' WHEN 'LOCAL TEMPORARY' THEN 'table' END AS type FROM system.information_schema.tables WHERE (table_catalog = 'analytics' AND table_schema = 'sqlmesh__sales_analytics') AND table_name IN ('sales_analytics__stg_transactions__1219982436') (base.py:2654)
2026-08-24 11:41:27,052 - MainThread - sqlmesh.core.snapshot.evaluator - INFO - Evaluating snapshot SnapshotId<"analytics"."sales_analytics"."stg_transactions": 2516370409> (evaluator.py:730)
2026-08-24 11:41:27,052 - MainThread - sqlmesh.core.snapshot.evaluator - INFO - Inserting data for snapshot SnapshotId<"analytics"."sales_analytics"."stg_transactions": 2516370409> (evaluator.py:971)
2026-08-24 11:41:27,057 - MainThread - sqlmesh.core.snapshot.evaluator - INFO - Inserting batch (2026-08-24 00:00:00, 2026-08-25 00:00:00) into analytics.sqlmesh__sales_analytics.sales_analytics__stg_transactions__1219982436' (evaluator.py:1003)
2026-08-24 11:41:27,058 - MainThread - sqlmesh.core.engine_adapter.base - INFO - Executing SQL: /* SQLMESH_PLAN: 2a921187ac2d4015871d44ecce524ebf */ DELETE FROM "analytics"."sqlmesh__sales_analytics"."sales_analytics__stg_transactions__1219982436" WHERE "transaction_date" BETWEEN CAST('2026-08-24' AS DATE) AND CAST('2026-08-24' AS DATE) (base.py:2654)
2026-08-24 11:41:27,060 - MainThread - sqlmesh.core.engine_adapter.base - INFO - Executing SQL: /* SQLMESH_PLAN: 2a921187ac2d4015871d44ecce524ebf */ INSERT INTO "analytics"."sqlmesh__sales_analytics"."sales_analytics__stg_transactions__1219982436" ("transaction_id", "customer_id", "transaction_date", "amount", "currency") SELECT "transaction_id", "customer_id", "transaction_date", "amount", "currency" FROM (SELECT CAST("transaction_id" AS INT) AS "transaction_id", CAST("customer_id" AS TEXT) AS "customer_id", CAST("transaction_date" AS DATE) AS "transaction_date", CAST("amount" AS DECIMAL(10, 2)) AS "amount", CAST("currency" AS TEXT) AS "currency" FROM READ_CSV_AUTO('sources/transactions/transactions_*.csv') AS "_0" WHERE "transaction_date" BETWEEN CAST('2026-08-24' AS DATE) AND CAST('2026-08-24' AS DATE)) AS "_subquery" WHERE "transaction_date" BETWEEN CAST('2026-08-24' AS DATE) AND CAST('2026-08-24' AS DATE) (base.py:2654)
2026-08-24 11:41:27,098 - MainThread - sqlmesh.core.state_sync.db.facade - INFO - Adding interval (2026-08-24 00:00:00, 2026-08-25 00:00:00) for snapshot SnapshotId<"analytics"."sales_analytics"."stg_transactions": 2516370409> (facade.py:639)
2026-08-24 11:41:27,098 - MainThread - sqlmesh.core.state_sync.db.interval - INFO - Pushing intervals for snapshot SnapshotId<"analytics"."sales_analytics"."stg_transactions": 2516370409> (interval.py:215)
2026-08-24 11:41:27,113 - MainThread - sqlmesh.core.plan.evaluator - INFO - Evaluating plan stage RestatementStage (evaluator.py:123)
2026-08-24 11:41:27,114 - MainThread - sqlmesh.core.plan.evaluator - INFO - Evaluating plan stage EnvironmentRecordUpdateStage (evaluator.py:123)
2026-08-24 11:41:27,114 - MainThread - sqlmesh.core.state_sync.db.facade - INFO - Promoting environment 'prod' (facade.py:167)
2026-08-24 11:41:27,127 - MainThread - sqlmesh.core.plan.evaluator - INFO - Evaluating plan stage FinalizeEnvironmentStage (evaluator.py:123)
2026-08-24 11:41:27,128 - MainThread - sqlmesh.core.state_sync.db.environment - INFO - Finalizing environment 'prod' (environment.py:141)
2026-08-24 11:41:27,158 - MainThread - root - INFO - Shutting down the event dispatcher (dispatcher.py:159)
